
Allocating common symbols
Common symbol       size              file

pspinlock           0x4               proc/process.o
interrupt_stacks    0x10              kernel/interrupt.o
thread_table        0x800             kernel/thread.o
open_sockets        0x700             net/socket.o
open_sockets_sem    0x4               net/socket.o
scheduler_current_thread
                    0x10              kernel/scheduler.o
thread_stack_areas  0x20000           kernel/thread.o
thread_table_slock  0x4               kernel/thread.o
network_interfaces  0x30              net/network.o
ptable              0x500             proc/process.o

Discarded input sections

 .reginfo       0x0000000000000000       0x18 kernel/cswitch.o
 .reginfo       0x0000000000000000       0x18 kernel/_interrupt.o
 .reginfo       0x0000000000000000       0x18 kernel/_spinlock.o
 .reginfo       0x0000000000000000       0x18 kernel/idle.o
 .reginfo       0x0000000000000000       0x18 lib/rand.o
 .reginfo       0x0000000000000000       0x18 drivers/_timer.o
 .reginfo       0x0000000000000000       0x18 vm/_tlb.o
 .reginfo       0x0000000000000000       0x18 init/main.o
 .reginfo       0x0000000000000000       0x18 kernel/panic.o
 .reginfo       0x0000000000000000       0x18 kernel/kmalloc.o
 .reginfo       0x0000000000000000       0x18 kernel/interrupt.o
 .reginfo       0x0000000000000000       0x18 kernel/thread.o
 .reginfo       0x0000000000000000       0x18 kernel/scheduler.o
 .reginfo       0x0000000000000000       0x18 kernel/sleepq.o
 .reginfo       0x0000000000000000       0x18 kernel/semaphore.o
 .reginfo       0x0000000000000000       0x18 kernel/exception.o
 .reginfo       0x0000000000000000       0x18 kernel/halt.o
 .reginfo       0x0000000000000000       0x18 kernel/lock_cond.o
 .reginfo       0x0000000000000000       0x18 lib/libc.o
 .reginfo       0x0000000000000000       0x18 lib/xprintf.o
 .reginfo       0x0000000000000000       0x18 lib/bitmap.o
 .reginfo       0x0000000000000000       0x18 lib/debug.o
 .reginfo       0x0000000000000000       0x18 drivers/polltty.o
 .reginfo       0x0000000000000000       0x18 drivers/timer.o
 .reginfo       0x0000000000000000       0x18 drivers/bootargs.o
 .reginfo       0x0000000000000000       0x18 drivers/device.o
 .reginfo       0x0000000000000000       0x18 drivers/drivers.o
 .reginfo       0x0000000000000000       0x18 drivers/tty.o
 .reginfo       0x0000000000000000       0x18 drivers/disk.o
 .reginfo       0x0000000000000000       0x18 drivers/disksched.o
 .reginfo       0x0000000000000000       0x18 drivers/metadev.o
 .reginfo       0x0000000000000000       0x18 proc/exception.o
 .reginfo       0x0000000000000000       0x18 proc/elf.o
 .reginfo       0x0000000000000000       0x18 proc/process.o
 .reginfo       0x0000000000000000       0x18 proc/syscall.o
 .reginfo       0x0000000000000000       0x18 vm/vm.o
 .reginfo       0x0000000000000000       0x18 vm/pagepool.o
 .reginfo       0x0000000000000000       0x18 vm/tlb.o
 .reginfo       0x0000000000000000       0x18 fs/vfs.o
 .reginfo       0x0000000000000000       0x18 fs/tfs.o
 .reginfo       0x0000000000000000       0x18 fs/filesystems.o
 .reginfo       0x0000000000000000       0x18 net/network.o
 .reginfo       0x0000000000000000       0x18 net/protocols.o
 .reginfo       0x0000000000000000       0x18 net/socket.o
 .reginfo       0x0000000000000000       0x18 net/pop.o

Memory Configuration

Name             Origin             Length             Attributes
*default*        0x0000000000000000 0xffffffffffffffff

Linker script and memory map

                0x0000000080010000                . = 0x80010000

.text           0x0000000080010000     0xa2b0
 *(.text)
 .text          0x0000000080010000       0x60 init/_boot.o
                0x0000000080010000                _start
 .text          0x0000000080010060      0x350 kernel/cswitch.o
                0x0000000080010060                _cswitch_vector_code
                0x0000000080010080                _cswitch_switch
                0x0000000080010388                _cswitch_to_userland
 .text          0x00000000800103b0      0x120 kernel/_interrupt.o
                0x00000000800103b0                _interrupt_disable
                0x00000000800103cc                _interrupt_enable
                0x00000000800103e4                _interrupt_set_state
                0x0000000080010408                _interrupt_get_state
                0x0000000080010414                _interrupt_generate_sw0
                0x000000008001042c                _interrupt_clear_sw
                0x0000000080010444                _interrupt_clear_sw0
                0x000000008001045c                _interrupt_clear_sw1
                0x0000000080010474                _interrupt_clear_bootstrap
                0x0000000080010490                _interrupt_getcpu
                0x00000000800104a0                _interrupt_clear_EXL
                0x00000000800104b8                _interrupt_set_EXL
 .text          0x00000000800104d0       0x30 kernel/_spinlock.o
                0x00000000800104d0                spinlock_reset
                0x00000000800104d0                spinlock_release
                0x00000000800104dc                spinlock_acquire
 .text          0x0000000080010500        0xc kernel/idle.o
                0x0000000080010500                _idle_thread_wait_loop
 .text          0x000000008001050c       0x4c lib/rand.o
                0x000000008001050c                _set_rand_seed
                0x000000008001051c                _get_rand
 .text          0x0000000080010558       0x14 drivers/_timer.o
                0x0000000080010558                _timer_set_ticks
 .text          0x000000008001056c      0x15c vm/_tlb.o
                0x000000008001056c                _tlb_get_exception_state
                0x0000000080010590                _tlb_set_asid
                0x00000000800105b0                _tlb_get_maxindex
                0x00000000800105c4                _tlb_probe
                0x00000000800105dc                _tlb_read
                0x0000000080010640                _tlb_write
                0x00000000800106a4                _tlb_write_random
 .text          0x00000000800106c8      0x4dc init/main.o
                0x00000000800106c8                init_startup_fallback
                0x0000000080010870                init_startup_thread
                0x0000000080010960                init
 .text          0x0000000080010ba4       0x68 kernel/panic.o
                0x0000000080010ba4                _kernel_panic
 .text          0x0000000080010c0c      0x270 kernel/kmalloc.o
                0x0000000080010c0c                kmalloc_get_numpages
                0x0000000080010c94                kmalloc_get_reserved_pages
                0x0000000080010cbc                kmalloc_disable
                0x0000000080010ccc                kmalloc_init
                0x0000000080010d60                kmalloc
 .text          0x0000000080010e7c      0x3dc kernel/interrupt.o
                0x0000000080010e7c                interrupt_init
                0x0000000080010fb4                interrupt_register
                0x000000008001110c                interrupt_handle
 .text          0x0000000080011258      0x4a8 kernel/thread.o
                0x0000000080011258                thread_table_init
                0x00000000800112f8                thread_create
                0x00000000800114d8                thread_run
                0x00000000800114e0                thread_switch
                0x000000008001150c                thread_get_current_thread
                0x000000008001155c                thread_get_thread_entry
                0x0000000080011570                thread_get_current_thread_entry
                0x00000000800115cc                thread_goto_userland
                0x0000000080011608                thread_finish
 .text          0x0000000080011700      0x348 kernel/scheduler.o
                0x0000000080011700                scheduler_init
                0x0000000080011728                scheduler_add_to_ready_list
                0x000000008001180c                scheduler_add_ready
                0x000000008001187c                scheduler_schedule
 .text          0x0000000080011a48      0x4ec kernel/sleepq.o
                0x0000000080011a48                sleepq_init
                0x0000000080011a78                sleepq_add
                0x0000000080011bf4                sleepq_wake
                0x0000000080011da8                sleepq_wake_all
 .text          0x0000000080011f34      0x2e0 kernel/semaphore.o
                0x0000000080011f34                semaphore_init
                0x0000000080011f7c                semaphore_create
                0x0000000080012100                semaphore_destroy
                0x000000008001210c                semaphore_P
                0x0000000080012194                semaphore_V
 .text          0x0000000080012214      0x294 kernel/exception.o
                0x000000008001224c                kernel_exception_handle
 .text          0x00000000800124a8       0x3c kernel/halt.o
                0x00000000800124a8                halt_kernel
 .text          0x00000000800124e4       0xb0 kernel/lock_cond.o
                0x00000000800124e4                lock_reset
                0x00000000800124fc                lock_acquire
                0x0000000080012574                lock_release
 .text          0x0000000080012594      0x424 lib/libc.o
                0x0000000080012594                kwrite
                0x00000000800125fc                kread
                0x0000000080012670                stringcmp
                0x0000000080012708                stringcopy
                0x00000000800127a0                memcopy
                0x000000008001286c                memoryset
                0x0000000080012894                atoi
                0x0000000080012980                strlen
 .text          0x00000000800129b8      0x84c lib/xprintf.o
                0x000000008001309c                snprintf
                0x00000000800130cc                vsnprintf
                0x00000000800130ec                kprintf
                0x000000008001317c                kvprintf
 .text          0x0000000080013204      0x3e8 lib/bitmap.o
                0x0000000080013204                bitmap_sizeof
                0x000000008001322c                bitmap_init
                0x00000000800132b4                bitmap_get
                0x000000008001337c                bitmap_set
                0x0000000080013498                bitmap_findnset
 .text          0x00000000800135ec       0x44 lib/debug.o
                0x00000000800135ec                DEBUG
 .text          0x0000000080013630      0x10c drivers/polltty.o
                0x0000000080013630                polltty_init
                0x00000000800136b0                polltty_getchar
                0x00000000800136f4                polltty_putchar
 .text          0x000000008001373c       0x3c drivers/timer.o
                0x000000008001373c                timer_set_ticks
 .text          0x0000000080013778      0x254 drivers/bootargs.o
                0x0000000080013778                bootargs_init
                0x0000000080013938                bootargs_get
 .text          0x00000000800139cc      0x1e4 drivers/device.o
                0x00000000800139cc                device_init
                0x0000000080013b60                device_get
 .text          0x0000000080013bb0        0x0 drivers/drivers.o
 .text          0x0000000080013bb0      0x80c drivers/tty.o
                0x0000000080013bb0                tty_init
                0x0000000080013dc0                tty_interrupt_handle
 .text          0x00000000800143bc      0x590 drivers/disk.o
                0x00000000800143bc                disk_init
 .text          0x000000008001494c       0x3c drivers/disksched.o
                0x000000008001494c                disksched_schedule
 .text          0x0000000080014988      0x538 drivers/metadev.o
                0x0000000080014a24                rtc_init
                0x0000000080014a98                rtc_get_msec
                0x0000000080014ab0                rtc_get_clockspeed
                0x0000000080014ac8                meminfo_init
                0x0000000080014b3c                meminfo_get_pages
                0x0000000080014b54                cpustatus_init
                0x0000000080014c3c                cpustatus_count
                0x0000000080014c88                cpustatus_generate_irq
                0x0000000080014d48                cpustatus_interrupt_handle
                0x0000000080014dd4                shutdown_init
                0x0000000080014e48                shutdown
 .text          0x0000000080014ec0      0x234 proc/exception.o
                0x0000000080014ec0                user_exception_handle
 .text          0x00000000800150f4      0x244 proc/elf.o
                0x00000000800150f4                elf_parse_header
 .text          0x0000000080015338      0xa5c proc/process.o
                0x0000000080015338                process_start
                0x000000008001587c                process_spawn
                0x00000000800159e8                process_run
                0x0000000080015aec                process_get_current_process
                0x0000000080015b10                process_free_entity
                0x0000000080015b40                process_finish
                0x0000000080015be8                process_join
                0x0000000080015d1c                process_init
 .text          0x0000000080015d94      0x2f0 proc/syscall.o
                0x0000000080015d94                syscall_write
                0x0000000080015e60                syscall_read
                0x0000000080015f28                syscall_handle
 .text          0x0000000080016084      0x668 vm/vm.o
                0x0000000080016084                vm_init
                0x00000000800160a0                vm_create_pagetable
                0x00000000800160f4                vm_destroy_pagetable
                0x0000000080016104                vm_map
                0x0000000080016550                vm_unmap
                0x0000000080016558                vm_set_dirty
 .text          0x00000000800166ec      0x2fc vm/pagepool.o
                0x00000000800166ec                pagepool_init
                0x0000000080016808                pagepool_get_phys_page
                0x0000000080016904                pagepool_free_phys_page
 .text          0x00000000800169e8       0xf8 vm/tlb.o
                0x00000000800169e8                tlb_modified_exception
                0x0000000080016a00                tlb_load_exception
                0x0000000080016a18                tlb_store_exception
                0x0000000080016a30                tlb_fill
 .text          0x0000000080016ae0     0x128c fs/vfs.o
                0x0000000080016ae0                vfs_init
                0x0000000080016bd4                vfs_deinit
                0x0000000080016fcc                vfs_mount
                0x00000000800171ac                vfs_mount_fs
                0x00000000800172c8                vfs_mount_all
                0x0000000080017350                vfs_unmount
                0x00000000800174e0                vfs_open
                0x0000000080017784                vfs_close
                0x0000000080017814                vfs_seek
                0x00000000800178b0                vfs_read
                0x00000000800179c0                vfs_write
                0x0000000080017ad0                vfs_create
                0x0000000080017bec                vfs_remove
                0x0000000080017cc8                vfs_getfree
 .text          0x0000000080017d6c     0x1018 fs/tfs.o
                0x0000000080017d6c                tfs_init
                0x0000000080017fac                tfs_unmount
                0x0000000080018004                tfs_open
                0x000000008001810c                tfs_close
                0x0000000080018114                tfs_create
                0x0000000080018488                tfs_remove
                0x0000000080018704                tfs_read
                0x000000008001898c                tfs_write
                0x0000000080018ca0                tfs_getfree
 .text          0x0000000080018d84       0xbc fs/filesystems.o
                0x0000000080018d84                filesystems_try_all
 .text          0x0000000080018e40      0x620 net/network.o
                0x0000000080018f50                network_init
                0x00000000800190bc                network_get_source_address
                0x00000000800190ec                network_get_broadcast_address
                0x00000000800190f4                network_get_loopback_address
                0x00000000800190fc                network_get_mtu
                0x0000000080019218                network_send
                0x0000000080019450                network_free_frame
 .text          0x0000000080019460       0xd8 net/protocols.o
                0x0000000080019460                protocols_get_frame_handler
                0x00000000800194d0                protocols_init
 .text          0x0000000080019538      0x318 net/socket.o
                0x0000000080019538                socket_init
                0x00000000800195fc                socket_open
                0x00000000800197a0                socket_close
 .text          0x0000000080019850      0xa60 net/pop.o
                0x0000000080019850                socket_sendto
                0x0000000080019a94                socket_recvfrom
                0x0000000080019bfc                pop_init
                0x0000000080019d58                pop_push_frame

.rodata         0x000000008001a2b0     0x1608
 *(.rodata .rodata.*)
 .rodata.str1.4
                0x000000008001a2b0      0x4b1 init/main.o
                                        0x4b8 (size before relaxing)
 *fill*         0x000000008001a761        0x3 00
 .rodata.str1.4
                0x000000008001a764       0x26 kernel/panic.o
                                         0x28 (size before relaxing)
 *fill*         0x000000008001a78a        0x2 00
 .rodata.str1.4
                0x000000008001a78c      0x11f kernel/kmalloc.o
                                        0x120 (size before relaxing)
 *fill*         0x000000008001a8ab        0x1 00
 .rodata.str1.4
                0x000000008001a8ac       0xea kernel/interrupt.o
                                         0xec (size before relaxing)
 *fill*         0x000000008001a996        0x2 00
 .rodata.str1.4
                0x000000008001a998       0x6a kernel/thread.o
                                         0x80 (size before relaxing)
 *fill*         0x000000008001aa02        0x2 00
 .rodata.str1.4
                0x000000008001aa04       0x13 kernel/scheduler.o
                                         0x28 (size before relaxing)
 *fill*         0x000000008001aa17        0x1 00
 .rodata.str1.4
                0x000000008001aa18       0x10 kernel/sleepq.o
                                         0x24 (size before relaxing)
 .rodata.str1.4
                0x000000008001aa28       0x13 kernel/semaphore.o
                                         0x28 (size before relaxing)
 *fill*         0x000000008001aa3b        0x1 00
 .rodata.str1.4
                0x000000008001aa3c      0x26a kernel/exception.o
                                        0x26c (size before relaxing)
 *fill*         0x000000008001aca6        0x2 00
 .rodata        0x000000008001aca8       0x38 kernel/exception.o
 .rodata.str1.4
                0x000000008001ace0       0x54 kernel/halt.o
 .rodata        0x000000008001ad34      0x10c lib/xprintf.o
 .rodata.str1.4
                0x000000008001ae40       0x2c lib/bitmap.o
                                         0x40 (size before relaxing)
 .rodata        0x000000008001ae6c        0x4 drivers/bootargs.o
 .rodata.str1.4
                0x000000008001ae70       0xaa drivers/device.o
                                         0xac (size before relaxing)
 *fill*         0x000000008001af1a        0x2 00
 .rodata.str1.4
                0x000000008001af1c       0x51 drivers/drivers.o
                                         0x54 (size before relaxing)
 *fill*         0x000000008001af6d        0x3 00
 .rodata.str1.4
                0x000000008001af70       0x8d drivers/tty.o
                                         0x90 (size before relaxing)
 *fill*         0x000000008001affd        0x3 00
 .rodata.str1.4
                0x000000008001b000       0x93 drivers/disk.o
                                         0xa8 (size before relaxing)
 *fill*         0x000000008001b093        0x1 00
 .rodata.str1.4
                0x000000008001b094      0x12c drivers/metadev.o
                                        0x140 (size before relaxing)
 .rodata.str1.4
                0x000000008001b1c0       0x11 proc/exception.o
                                        0x1d8 (size before relaxing)
 *fill*         0x000000008001b1d1        0x3 00
 .rodata        0x000000008001b1d4       0x38 proc/exception.o
 .rodata.str1.4
                0x000000008001b20c       0x2d proc/process.o
                                         0x44 (size before relaxing)
 *fill*         0x000000008001b239        0x3 00
 .rodata.str1.4
                0x000000008001b23c       0x27 proc/syscall.o
                                         0x3c (size before relaxing)
 *fill*         0x000000008001b263        0x1 00
 .rodata.str1.4
                0x000000008001b264      0x100 vm/vm.o
                                        0x114 (size before relaxing)
 .rodata.str1.4
                0x000000008001b364       0x6a vm/pagepool.o
                                         0x80 (size before relaxing)
 *fill*         0x000000008001b3ce        0x2 00
 .rodata.str1.4
                0x000000008001b3d0       0x6e vm/tlb.o
                                         0x84 (size before relaxing)
 *fill*         0x000000008001b43e        0x2 00
 .rodata.str1.4
                0x000000008001b440      0x2d1 fs/vfs.o
                                        0x2e8 (size before relaxing)
 *fill*         0x000000008001b711        0x3 00
 .rodata.str1.4
                0x000000008001b714       0x92 fs/tfs.o
                                         0x94 (size before relaxing)
 *fill*         0x000000008001b7a6        0x2 00
 .rodata.str1.4
                0x000000008001b7a8       0x2c fs/filesystems.o
 .rodata.str1.4
                0x000000008001b7d4       0x4e net/network.o
                                         0x64 (size before relaxing)
 *fill*         0x000000008001b822        0x2 00
 .rodata.str1.4
                0x000000008001b824       0x3a net/socket.o
                                         0x50 (size before relaxing)
 *fill*         0x000000008001b85e        0x2 00
 .rodata.str1.4
                0x000000008001b860       0x58 net/pop.o
                                         0x6c (size before relaxing)

.rel.dyn        0x000000008001b8b8        0x0
 .rel.dyn       0x0000000000000000        0x0 drivers/drivers.o

.data           0x000000008001b8b8       0x90
 *(.data)
 .data          0x000000008001b8b8        0x0 init/_boot.o
 .data          0x000000008001b8b8        0x0 kernel/cswitch.o
 .data          0x000000008001b8b8        0x0 kernel/_interrupt.o
 .data          0x000000008001b8b8        0x0 kernel/_spinlock.o
 .data          0x000000008001b8b8        0x0 kernel/idle.o
 .data          0x000000008001b8b8        0xc lib/rand.o
 .data          0x000000008001b8c4        0x0 drivers/_timer.o
 .data          0x000000008001b8c4        0x0 vm/_tlb.o
 .data          0x000000008001b8c4        0x0 init/main.o
 .data          0x000000008001b8c4        0x0 kernel/panic.o
 .data          0x000000008001b8c4        0x0 kernel/kmalloc.o
 .data          0x000000008001b8c4        0x0 kernel/interrupt.o
 .data          0x000000008001b8c4        0x0 kernel/thread.o
 .data          0x000000008001b8c4        0x8 kernel/scheduler.o
 .data          0x000000008001b8cc        0x0 kernel/sleepq.o
 .data          0x000000008001b8cc        0x0 kernel/semaphore.o
 .data          0x000000008001b8cc        0x0 kernel/exception.o
 .data          0x000000008001b8cc        0x0 kernel/halt.o
 .data          0x000000008001b8cc        0x0 kernel/lock_cond.o
 .data          0x000000008001b8cc        0x0 lib/libc.o
 .data          0x000000008001b8cc        0x0 lib/xprintf.o
 .data          0x000000008001b8cc        0x0 lib/bitmap.o
 .data          0x000000008001b8cc        0x0 lib/debug.o
 .data          0x000000008001b8cc        0x0 drivers/polltty.o
 .data          0x000000008001b8cc        0x0 drivers/timer.o
 .data          0x000000008001b8cc        0x0 drivers/bootargs.o
 .data          0x000000008001b8cc        0x0 drivers/device.o
 .data          0x000000008001b8cc       0x54 drivers/drivers.o
                0x000000008001b8cc                drivers_available
 .data          0x000000008001b920        0x0 drivers/tty.o
 .data          0x000000008001b920        0x0 drivers/disk.o
 .data          0x000000008001b920        0x0 drivers/disksched.o
 .data          0x000000008001b920        0x0 drivers/metadev.o
 .data          0x000000008001b920        0x0 proc/exception.o
 .data          0x000000008001b920        0x0 proc/elf.o
 .data          0x000000008001b920        0x0 proc/process.o
 .data          0x000000008001b920        0x0 proc/syscall.o
 .data          0x000000008001b920        0x0 vm/vm.o
 .data          0x000000008001b920        0x0 vm/pagepool.o
 .data          0x000000008001b920        0x0 vm/tlb.o
 .data          0x000000008001b920        0x0 fs/vfs.o
 .data          0x000000008001b920        0x0 fs/tfs.o
 .data          0x000000008001b920       0x10 fs/filesystems.o
 .data          0x000000008001b930        0x0 net/network.o
 .data          0x000000008001b930       0x18 net/protocols.o
                0x000000008001b930                network_protocols
 .data          0x000000008001b948        0x0 net/socket.o
 .data          0x000000008001b948        0x0 net/pop.o

.bss            0x000000008001b948    0x24134
 *(.bss COMMON)
 .bss           0x000000008001b948        0x0 init/_boot.o
 .bss           0x000000008001b948        0x0 kernel/cswitch.o
 .bss           0x000000008001b948        0x0 kernel/_interrupt.o
 .bss           0x000000008001b948        0x0 kernel/_spinlock.o
 .bss           0x000000008001b948        0x0 kernel/idle.o
 .bss           0x000000008001b948        0x0 lib/rand.o
 .bss           0x000000008001b948        0x0 drivers/_timer.o
 .bss           0x000000008001b948        0x0 vm/_tlb.o
 .bss           0x000000008001b948        0x4 init/main.o
                0x000000008001b948                kernel_bootstrap_finished
 .bss           0x000000008001b94c        0x0 kernel/panic.o
 .bss           0x000000008001b94c        0x8 kernel/kmalloc.o
 .bss           0x000000008001b954      0x600 kernel/interrupt.o
 COMMON         0x000000008001bf54       0x10 kernel/interrupt.o
                0x000000008001bf54                interrupt_stacks
 .bss           0x000000008001bf64        0x4 kernel/thread.o
 COMMON         0x000000008001bf68    0x20804 kernel/thread.o
                0x000000008001bf68                thread_table
                0x000000008001c768                thread_stack_areas
                0x000000008003c768                thread_table_slock
 .bss           0x000000008003c76c        0x0 kernel/scheduler.o
 COMMON         0x000000008003c76c       0x10 kernel/scheduler.o
                0x000000008003c76c                scheduler_current_thread
 .bss           0x000000008003c77c      0x200 kernel/sleepq.o
 .bss           0x000000008003c97c      0x608 kernel/semaphore.o
 .bss           0x000000008003cf84        0x0 kernel/exception.o
 .bss           0x000000008003cf84        0x0 kernel/halt.o
 .bss           0x000000008003cf84        0x0 kernel/lock_cond.o
 .bss           0x000000008003cf84        0x0 lib/libc.o
 .bss           0x000000008003cf84        0x4 lib/xprintf.o
                0x000000008003cf84                kprintf_slock
 .bss           0x000000008003cf88        0x0 lib/bitmap.o
 .bss           0x000000008003cf88        0x0 lib/debug.o
 .bss           0x000000008003cf88        0x4 drivers/polltty.o
 .bss           0x000000008003cf8c        0x0 drivers/timer.o
 .bss           0x000000008003cf8c      0x100 drivers/bootargs.o
 .bss           0x000000008003d08c      0x204 drivers/device.o
 .bss           0x000000008003d290        0x0 drivers/drivers.o
 .bss           0x000000008003d290        0x4 drivers/tty.o
 .bss           0x000000008003d294        0x0 drivers/disk.o
 .bss           0x000000008003d294        0x0 drivers/disksched.o
 .bss           0x000000008003d294       0x48 drivers/metadev.o
 .bss           0x000000008003d2dc        0x0 proc/exception.o
 .bss           0x000000008003d2dc        0x0 proc/elf.o
 .bss           0x000000008003d2dc        0x0 proc/process.o
 COMMON         0x000000008003d2dc      0x504 proc/process.o
                0x000000008003d2dc                pspinlock
                0x000000008003d2e0                ptable
 .bss           0x000000008003d7e0        0x0 proc/syscall.o
 .bss           0x000000008003d7e0        0x0 vm/vm.o
 .bss           0x000000008003d7e0       0x14 vm/pagepool.o
 .bss           0x000000008003d7f4        0x0 vm/tlb.o
 .bss           0x000000008003d7f4     0x18b8 fs/vfs.o
 .bss           0x000000008003f0ac        0x0 fs/tfs.o
 .bss           0x000000008003f0ac        0x0 fs/filesystems.o
 .bss           0x000000008003f0ac        0x0 net/network.o
 COMMON         0x000000008003f0ac       0x30 net/network.o
                0x000000008003f0ac                network_interfaces
 .bss           0x000000008003f0dc        0x0 net/protocols.o
 .bss           0x000000008003f0dc        0x4 net/socket.o
 COMMON         0x000000008003f0e0      0x704 net/socket.o
                0x000000008003f0e0                open_sockets
                0x000000008003f7e0                open_sockets_sem
 .bss           0x000000008003f7e4      0x298 net/pop.o
                0x000000008003fa7c                KERNEL_ENDS_HERE = .
LOAD init/_boot.o
LOAD kernel/cswitch.o
LOAD kernel/_interrupt.o
LOAD kernel/_spinlock.o
LOAD kernel/idle.o
LOAD lib/rand.o
LOAD drivers/_timer.o
LOAD vm/_tlb.o
LOAD init/main.o
LOAD kernel/panic.o
LOAD kernel/kmalloc.o
LOAD kernel/interrupt.o
LOAD kernel/thread.o
LOAD kernel/scheduler.o
LOAD kernel/sleepq.o
LOAD kernel/semaphore.o
LOAD kernel/exception.o
LOAD kernel/halt.o
LOAD kernel/lock_cond.o
LOAD lib/libc.o
LOAD lib/xprintf.o
LOAD lib/bitmap.o
LOAD lib/debug.o
LOAD drivers/polltty.o
LOAD drivers/timer.o
LOAD drivers/bootargs.o
LOAD drivers/device.o
LOAD drivers/drivers.o
LOAD drivers/tty.o
LOAD drivers/disk.o
LOAD drivers/disksched.o
LOAD drivers/metadev.o
LOAD proc/exception.o
LOAD proc/elf.o
LOAD proc/process.o
LOAD proc/syscall.o
LOAD vm/vm.o
LOAD vm/pagepool.o
LOAD vm/tlb.o
LOAD fs/vfs.o
LOAD fs/tfs.o
LOAD fs/filesystems.o
LOAD net/network.o
LOAD net/protocols.o
LOAD net/socket.o
LOAD net/pop.o
OUTPUT(buenos elf32-bigmips)

.reginfo        0x0000000000000000       0x18
 .reginfo       0x0000000000000000       0x18 init/_boot.o

.pdr            0x0000000000000000     0x1940
 .pdr           0x0000000000000000       0x40 init/_boot.o
 .pdr           0x0000000000000040       0xa0 kernel/cswitch.o
 .pdr           0x00000000000000e0      0x180 kernel/_interrupt.o
 .pdr           0x0000000000000260       0x40 kernel/_spinlock.o
 .pdr           0x00000000000002a0       0x20 kernel/idle.o
 .pdr           0x00000000000002c0       0x40 lib/rand.o
 .pdr           0x0000000000000300       0x20 drivers/_timer.o
 .pdr           0x0000000000000320       0xe0 vm/_tlb.o
 .pdr           0x0000000000000400       0x60 init/main.o
 .pdr           0x0000000000000460       0x20 kernel/panic.o
 .pdr           0x0000000000000480       0xa0 kernel/kmalloc.o
 .pdr           0x0000000000000520       0x60 kernel/interrupt.o
 .pdr           0x0000000000000580      0x120 kernel/thread.o
 .pdr           0x00000000000006a0       0x80 kernel/scheduler.o
 .pdr           0x0000000000000720       0x80 kernel/sleepq.o
 .pdr           0x00000000000007a0       0xa0 kernel/semaphore.o
 .pdr           0x0000000000000840       0x40 kernel/exception.o
 .pdr           0x0000000000000880       0x20 kernel/halt.o
 .pdr           0x00000000000008a0       0x60 kernel/lock_cond.o
 .pdr           0x0000000000000900      0x100 lib/libc.o
 .pdr           0x0000000000000a00      0x100 lib/xprintf.o
 .pdr           0x0000000000000b00       0xa0 lib/bitmap.o
 .pdr           0x0000000000000ba0       0x20 lib/debug.o
 .pdr           0x0000000000000bc0       0x60 drivers/polltty.o
 .pdr           0x0000000000000c20       0x20 drivers/timer.o
 .pdr           0x0000000000000c40       0x40 drivers/bootargs.o
 .pdr           0x0000000000000c80       0x40 drivers/device.o
 .pdr           0x0000000000000cc0        0x0 drivers/drivers.o
 .pdr           0x0000000000000cc0       0x80 drivers/tty.o
 .pdr           0x0000000000000d40      0x100 drivers/disk.o
 .pdr           0x0000000000000e40       0x20 drivers/disksched.o
 .pdr           0x0000000000000e60      0x180 drivers/metadev.o
 .pdr           0x0000000000000fe0       0x20 proc/exception.o
 .pdr           0x0000000000001000       0x20 proc/elf.o
 .pdr           0x0000000000001020      0x100 proc/process.o
 .pdr           0x0000000000001120       0x60 proc/syscall.o
 .pdr           0x0000000000001180       0xc0 vm/vm.o
 .pdr           0x0000000000001240       0x60 vm/pagepool.o
 .pdr           0x00000000000012a0       0x80 vm/tlb.o
 .pdr           0x0000000000001320      0x260 fs/vfs.o
 .pdr           0x0000000000001580      0x120 fs/tfs.o
 .pdr           0x00000000000016a0       0x20 fs/filesystems.o
 .pdr           0x00000000000016c0      0x140 net/network.o
 .pdr           0x0000000000001800       0x40 net/protocols.o
 .pdr           0x0000000000001840       0x60 net/socket.o
 .pdr           0x00000000000018a0       0xa0 net/pop.o

.mdebug.abi32   0x0000000000000000        0x0
 .mdebug.abi32  0x0000000000000000        0x0 init/main.o
 .mdebug.abi32  0x0000000000000000        0x0 kernel/panic.o
 .mdebug.abi32  0x0000000000000000        0x0 kernel/kmalloc.o
 .mdebug.abi32  0x0000000000000000        0x0 kernel/interrupt.o
 .mdebug.abi32  0x0000000000000000        0x0 kernel/thread.o
 .mdebug.abi32  0x0000000000000000        0x0 kernel/scheduler.o
 .mdebug.abi32  0x0000000000000000        0x0 kernel/sleepq.o
 .mdebug.abi32  0x0000000000000000        0x0 kernel/semaphore.o
 .mdebug.abi32  0x0000000000000000        0x0 kernel/exception.o
 .mdebug.abi32  0x0000000000000000        0x0 kernel/halt.o
 .mdebug.abi32  0x0000000000000000        0x0 kernel/lock_cond.o
 .mdebug.abi32  0x0000000000000000        0x0 lib/libc.o
 .mdebug.abi32  0x0000000000000000        0x0 lib/xprintf.o
 .mdebug.abi32  0x0000000000000000        0x0 lib/bitmap.o
 .mdebug.abi32  0x0000000000000000        0x0 lib/debug.o
 .mdebug.abi32  0x0000000000000000        0x0 drivers/polltty.o
 .mdebug.abi32  0x0000000000000000        0x0 drivers/timer.o
 .mdebug.abi32  0x0000000000000000        0x0 drivers/bootargs.o
 .mdebug.abi32  0x0000000000000000        0x0 drivers/device.o
 .mdebug.abi32  0x0000000000000000        0x0 drivers/drivers.o
 .mdebug.abi32  0x0000000000000000        0x0 drivers/tty.o
 .mdebug.abi32  0x0000000000000000        0x0 drivers/disk.o
 .mdebug.abi32  0x0000000000000000        0x0 drivers/disksched.o
 .mdebug.abi32  0x0000000000000000        0x0 drivers/metadev.o
 .mdebug.abi32  0x0000000000000000        0x0 proc/exception.o
 .mdebug.abi32  0x0000000000000000        0x0 proc/elf.o
 .mdebug.abi32  0x0000000000000000        0x0 proc/process.o
 .mdebug.abi32  0x0000000000000000        0x0 proc/syscall.o
 .mdebug.abi32  0x0000000000000000        0x0 vm/vm.o
 .mdebug.abi32  0x0000000000000000        0x0 vm/pagepool.o
 .mdebug.abi32  0x0000000000000000        0x0 vm/tlb.o
 .mdebug.abi32  0x0000000000000000        0x0 fs/vfs.o
 .mdebug.abi32  0x0000000000000000        0x0 fs/tfs.o
 .mdebug.abi32  0x0000000000000000        0x0 fs/filesystems.o
 .mdebug.abi32  0x0000000000000000        0x0 net/network.o
 .mdebug.abi32  0x0000000000000000        0x0 net/protocols.o
 .mdebug.abi32  0x0000000000000000        0x0 net/socket.o
 .mdebug.abi32  0x0000000000000000        0x0 net/pop.o

.comment        0x0000000000000000       0x11
 .comment       0x0000000000000000       0x11 init/main.o
                                         0x12 (size before relaxing)
 .comment       0x0000000000000000       0x12 kernel/panic.o
 .comment       0x0000000000000000       0x12 kernel/kmalloc.o
 .comment       0x0000000000000000       0x12 kernel/interrupt.o
 .comment       0x0000000000000000       0x12 kernel/thread.o
 .comment       0x0000000000000000       0x12 kernel/scheduler.o
 .comment       0x0000000000000000       0x12 kernel/sleepq.o
 .comment       0x0000000000000000       0x12 kernel/semaphore.o
 .comment       0x0000000000000000       0x12 kernel/exception.o
 .comment       0x0000000000000000       0x12 kernel/halt.o
 .comment       0x0000000000000000       0x12 kernel/lock_cond.o
 .comment       0x0000000000000000       0x12 lib/libc.o
 .comment       0x0000000000000000       0x12 lib/xprintf.o
 .comment       0x0000000000000000       0x12 lib/bitmap.o
 .comment       0x0000000000000000       0x12 lib/debug.o
 .comment       0x0000000000000000       0x12 drivers/polltty.o
 .comment       0x0000000000000000       0x12 drivers/timer.o
 .comment       0x0000000000000000       0x12 drivers/bootargs.o
 .comment       0x0000000000000000       0x12 drivers/device.o
 .comment       0x0000000000000000       0x12 drivers/drivers.o
 .comment       0x0000000000000000       0x12 drivers/tty.o
 .comment       0x0000000000000000       0x12 drivers/disk.o
 .comment       0x0000000000000000       0x12 drivers/disksched.o
 .comment       0x0000000000000000       0x12 drivers/metadev.o
 .comment       0x0000000000000000       0x12 proc/exception.o
 .comment       0x0000000000000000       0x12 proc/elf.o
 .comment       0x0000000000000000       0x12 proc/process.o
 .comment       0x0000000000000000       0x12 proc/syscall.o
 .comment       0x0000000000000000       0x12 vm/vm.o
 .comment       0x0000000000000000       0x12 vm/pagepool.o
 .comment       0x0000000000000000       0x12 vm/tlb.o
 .comment       0x0000000000000000       0x12 fs/vfs.o
 .comment       0x0000000000000000       0x12 fs/tfs.o
 .comment       0x0000000000000000       0x12 fs/filesystems.o
 .comment       0x0000000000000000       0x12 net/network.o
 .comment       0x0000000000000000       0x12 net/protocols.o
 .comment       0x0000000000000000       0x12 net/socket.o
 .comment       0x0000000000000000       0x12 net/pop.o

.stab           0x0000000000000000     0x1560
 .stab          0x0000000000000000       0xfc init/_boot.o
 .stab          0x00000000000000fc      0x9d8 kernel/cswitch.o
                                        0x9e4 (size before relaxing)
 .stab          0x0000000000000ad4      0x3f0 kernel/_interrupt.o
                                        0x3fc (size before relaxing)
 .stab          0x0000000000000ec4       0xb4 kernel/_spinlock.o
                                         0xc0 (size before relaxing)
 .stab          0x0000000000000f78       0x54 kernel/idle.o
                                         0x60 (size before relaxing)
 .stab          0x0000000000000fcc       0xe4 lib/rand.o
                                         0xf0 (size before relaxing)
 .stab          0x00000000000010b0       0x6c drivers/_timer.o
                                         0x78 (size before relaxing)
 .stab          0x000000000000111c      0x444 vm/_tlb.o
                                        0x450 (size before relaxing)

.stabstr        0x0000000000000000      0x3a9
 .stabstr       0x0000000000000000      0x3a9 init/_boot.o

.debug_abbrev   0x0000000000000000     0x306e
 .debug_abbrev  0x0000000000000000      0x121 init/main.o
 .debug_abbrev  0x0000000000000121       0x6b kernel/panic.o
 .debug_abbrev  0x000000000000018c      0x16b kernel/kmalloc.o
 .debug_abbrev  0x00000000000002f7      0x135 kernel/interrupt.o
 .debug_abbrev  0x000000000000042c      0x254 kernel/thread.o
 .debug_abbrev  0x0000000000000680      0x1a7 kernel/scheduler.o
 .debug_abbrev  0x0000000000000827      0x171 kernel/sleepq.o
 .debug_abbrev  0x0000000000000998      0x132 kernel/semaphore.o
 .debug_abbrev  0x0000000000000aca       0xb0 kernel/exception.o
 .debug_abbrev  0x0000000000000b7a       0x42 kernel/halt.o
 .debug_abbrev  0x0000000000000bbc       0xed kernel/lock_cond.o
 .debug_abbrev  0x0000000000000ca9      0x142 lib/libc.o
 .debug_abbrev  0x0000000000000deb      0x163 lib/xprintf.o
 .debug_abbrev  0x0000000000000f4e      0x109 lib/bitmap.o
 .debug_abbrev  0x0000000000001057       0x8b lib/debug.o
 .debug_abbrev  0x00000000000010e2       0xfb drivers/polltty.o
 .debug_abbrev  0x00000000000011dd       0x6d drivers/timer.o
 .debug_abbrev  0x000000000000124a      0x154 drivers/bootargs.o
 .debug_abbrev  0x000000000000139e      0x196 drivers/device.o
 .debug_abbrev  0x0000000000001534       0xae drivers/drivers.o
 .debug_abbrev  0x00000000000015e2      0x1ce drivers/tty.o
 .debug_abbrev  0x00000000000017b0      0x1ea drivers/disk.o
 .debug_abbrev  0x000000000000199a       0xd6 drivers/disksched.o
 .debug_abbrev  0x0000000000001a70      0x1f5 drivers/metadev.o
 .debug_abbrev  0x0000000000001c65      0x114 proc/exception.o
 .debug_abbrev  0x0000000000001d79       0xd5 proc/elf.o
 .debug_abbrev  0x0000000000001e4e      0x238 proc/process.o
 .debug_abbrev  0x0000000000002086      0x112 proc/syscall.o
 .debug_abbrev  0x0000000000002198      0x172 vm/vm.o
 .debug_abbrev  0x000000000000230a       0xb2 vm/pagepool.o
 .debug_abbrev  0x00000000000023bc       0xe8 vm/tlb.o
 .debug_abbrev  0x00000000000024a4      0x247 fs/vfs.o
 .debug_abbrev  0x00000000000026eb      0x220 fs/tfs.o
 .debug_abbrev  0x000000000000290b      0x11a fs/filesystems.o
 .debug_abbrev  0x0000000000002a25      0x28f net/network.o
 .debug_abbrev  0x0000000000002cb4      0x100 net/protocols.o
 .debug_abbrev  0x0000000000002db4      0x122 net/socket.o
 .debug_abbrev  0x0000000000002ed6      0x198 net/pop.o

.debug_info     0x0000000000000000     0x8977
 .debug_info    0x0000000000000000      0x319 init/main.o
 .debug_info    0x0000000000000319       0xcc kernel/panic.o
 .debug_info    0x00000000000003e5      0x23c kernel/kmalloc.o
 .debug_info    0x0000000000000621      0x32f kernel/interrupt.o
 .debug_info    0x0000000000000950      0x5f7 kernel/thread.o
 .debug_info    0x0000000000000f47      0x4e3 kernel/scheduler.o
 .debug_info    0x000000000000142a      0x521 kernel/sleepq.o
 .debug_info    0x000000000000194b      0x240 kernel/semaphore.o
 .debug_info    0x0000000000001b8b      0x123 kernel/exception.o
 .debug_info    0x0000000000001cae       0x85 kernel/halt.o
 .debug_info    0x0000000000001d33      0x146 kernel/lock_cond.o
 .debug_info    0x0000000000001e79      0x339 lib/libc.o
 .debug_info    0x00000000000021b2      0x4aa lib/xprintf.o
 .debug_info    0x000000000000265c      0x209 lib/bitmap.o
 .debug_info    0x0000000000002865       0xd5 lib/debug.o
 .debug_info    0x000000000000293a      0x1cd drivers/polltty.o
 .debug_info    0x0000000000002b07       0xba drivers/timer.o
 .debug_info    0x0000000000002bc1      0x1e0 drivers/bootargs.o
 .debug_info    0x0000000000002da1      0x2e8 drivers/device.o
 .debug_info    0x0000000000003089      0x1e8 drivers/drivers.o
 .debug_info    0x0000000000003271      0x50a drivers/tty.o
 .debug_info    0x000000000000377b      0x696 drivers/disk.o
 .debug_info    0x0000000000003e11      0x1cc drivers/disksched.o
 .debug_info    0x0000000000003fdd      0x505 drivers/metadev.o
 .debug_info    0x00000000000044e2      0x37f proc/exception.o
 .debug_info    0x0000000000004861      0x318 proc/elf.o
 .debug_info    0x0000000000004b79      0x762 proc/process.o
 .debug_info    0x00000000000052db      0x3a2 proc/syscall.o
 .debug_info    0x000000000000567d      0x360 vm/vm.o
 .debug_info    0x00000000000059dd      0x1b4 vm/pagepool.o
 .debug_info    0x0000000000005b91      0x24a vm/tlb.o
 .debug_info    0x0000000000005ddb      0xc18 fs/vfs.o
 .debug_info    0x00000000000069f3      0xa04 fs/tfs.o
 .debug_info    0x00000000000073f7      0x528 fs/filesystems.o
 .debug_info    0x000000000000791f      0x6f0 net/network.o
 .debug_info    0x000000000000800f      0x184 net/protocols.o
 .debug_info    0x0000000000008193      0x298 net/socket.o
 .debug_info    0x000000000000842b      0x54c net/pop.o

.debug_line     0x0000000000000000     0xa45a
 .debug_line    0x0000000000000000      0x590 init/main.o
 .debug_line    0x0000000000000590      0x13c kernel/panic.o
 .debug_line    0x00000000000006cc      0x328 kernel/kmalloc.o
 .debug_line    0x00000000000009f4      0x3bd kernel/interrupt.o
 .debug_line    0x0000000000000db1      0x588 kernel/thread.o
 .debug_line    0x0000000000001339      0x439 kernel/scheduler.o
 .debug_line    0x0000000000001772      0x506 kernel/sleepq.o
 .debug_line    0x0000000000001c78      0x3e2 kernel/semaphore.o
 .debug_line    0x000000000000205a      0x205 kernel/exception.o
 .debug_line    0x000000000000225f      0x19e kernel/halt.o
 .debug_line    0x00000000000023fd      0x1a0 kernel/lock_cond.o
 .debug_line    0x000000000000259d      0x4a4 lib/libc.o
 .debug_line    0x0000000000002a41      0x7c1 lib/xprintf.o
 .debug_line    0x0000000000003202      0x2f6 lib/bitmap.o
 .debug_line    0x00000000000034f8       0xe5 lib/debug.o
 .debug_line    0x00000000000035dd      0x187 drivers/polltty.o
 .debug_line    0x0000000000003764       0xac drivers/timer.o
 .debug_line    0x0000000000003810      0x2a2 drivers/bootargs.o
 .debug_line    0x0000000000003ab2      0x241 drivers/device.o
 .debug_line    0x0000000000003cf3      0x164 drivers/drivers.o
 .debug_line    0x0000000000003e57      0x714 drivers/tty.o
 .debug_line    0x000000000000456b      0x687 drivers/disk.o
 .debug_line    0x0000000000004bf2      0x16a drivers/disksched.o
 .debug_line    0x0000000000004d5c      0x5f4 drivers/metadev.o
 .debug_line    0x0000000000005350      0x1fd proc/exception.o
 .debug_line    0x000000000000554d      0x3d1 proc/elf.o
 .debug_line    0x000000000000591e      0x80b proc/process.o
 .debug_line    0x0000000000006129      0x2a4 proc/syscall.o
 .debug_line    0x00000000000063cd      0x40f vm/vm.o
 .debug_line    0x00000000000067dc      0x36b vm/pagepool.o
 .debug_line    0x0000000000006b47      0x156 vm/tlb.o
 .debug_line    0x0000000000006c9d     0x1035 fs/vfs.o
 .debug_line    0x0000000000007cd2     0x11d6 fs/tfs.o
 .debug_line    0x0000000000008ea8      0x1be fs/filesystems.o
 .debug_line    0x0000000000009066      0x602 net/network.o
 .debug_line    0x0000000000009668      0x20a net/protocols.o
 .debug_line    0x0000000000009872      0x403 net/socket.o
 .debug_line    0x0000000000009c75      0x7e5 net/pop.o

.debug_frame    0x0000000000000000     0x146c
 .debug_frame   0x0000000000000000       0x68 init/main.o
 .debug_frame   0x0000000000000068       0x30 kernel/panic.o
 .debug_frame   0x0000000000000098       0x80 kernel/kmalloc.o
 .debug_frame   0x0000000000000118       0x74 kernel/interrupt.o
 .debug_frame   0x000000000000018c       0xf4 kernel/thread.o
 .debug_frame   0x0000000000000280       0x84 kernel/scheduler.o
 .debug_frame   0x0000000000000304       0x90 kernel/sleepq.o
 .debug_frame   0x0000000000000394       0x98 kernel/semaphore.o
 .debug_frame   0x000000000000042c       0x44 kernel/exception.o
 .debug_frame   0x0000000000000470       0x28 kernel/halt.o
 .debug_frame   0x0000000000000498       0x4c kernel/lock_cond.o
 .debug_frame   0x00000000000004e4       0xa8 lib/libc.o
 .debug_frame   0x000000000000058c       0xec lib/xprintf.o
 .debug_frame   0x0000000000000678       0x9c lib/bitmap.o
 .debug_frame   0x0000000000000714       0x28 lib/debug.o
 .debug_frame   0x000000000000073c       0x40 drivers/polltty.o
 .debug_frame   0x000000000000077c       0x2c drivers/timer.o
 .debug_frame   0x00000000000007a8       0x3c drivers/bootargs.o
 .debug_frame   0x00000000000007e4       0x44 drivers/device.o
 .debug_frame   0x0000000000000828       0x94 drivers/tty.o
 .debug_frame   0x00000000000008bc       0xe8 drivers/disk.o
 .debug_frame   0x00000000000009a4       0x20 drivers/disksched.o
 .debug_frame   0x00000000000009c4      0x130 drivers/metadev.o
 .debug_frame   0x0000000000000af4       0x2c proc/exception.o
 .debug_frame   0x0000000000000b20       0x3c proc/elf.o
 .debug_frame   0x0000000000000b5c      0x110 proc/process.o
 .debug_frame   0x0000000000000c6c       0x68 proc/syscall.o
 .debug_frame   0x0000000000000cd4       0xb0 vm/vm.o
 .debug_frame   0x0000000000000d84       0x74 vm/pagepool.o
 .debug_frame   0x0000000000000df8       0x5c vm/tlb.o
 .debug_frame   0x0000000000000e54      0x25c fs/vfs.o
 .debug_frame   0x00000000000010b0      0x134 fs/tfs.o
 .debug_frame   0x00000000000011e4       0x30 fs/filesystems.o
 .debug_frame   0x0000000000001214       0xf8 net/network.o
 .debug_frame   0x000000000000130c       0x3c net/protocols.o
 .debug_frame   0x0000000000001348       0x68 net/socket.o
 .debug_frame   0x00000000000013b0       0xbc net/pop.o

.debug_loc      0x0000000000000000     0x6b98
 .debug_loc     0x0000000000000000      0x193 init/main.o
 .debug_loc     0x0000000000000193       0x99 kernel/panic.o
 .debug_loc     0x000000000000022c      0x139 kernel/kmalloc.o
 .debug_loc     0x0000000000000365      0x25e kernel/interrupt.o
 .debug_loc     0x00000000000005c3      0x2fe kernel/thread.o
 .debug_loc     0x00000000000008c1      0x188 kernel/scheduler.o
 .debug_loc     0x0000000000000a49      0x2f3 kernel/sleepq.o
 .debug_loc     0x0000000000000d3c      0x25a kernel/semaphore.o
 .debug_loc     0x0000000000000f96       0xb6 kernel/exception.o
 .debug_loc     0x000000000000104c       0x2c kernel/halt.o
 .debug_loc     0x0000000000001078       0x9e kernel/lock_cond.o
 .debug_loc     0x0000000000001116      0x38d lib/libc.o
 .debug_loc     0x00000000000014a3      0xb26 lib/xprintf.o
 .debug_loc     0x0000000000001fc9      0x431 lib/bitmap.o
 .debug_loc     0x00000000000023fa       0xa8 lib/debug.o
 .debug_loc     0x00000000000024a2       0x1e drivers/polltty.o
 .debug_loc     0x00000000000024c0       0x68 drivers/timer.o
 .debug_loc     0x0000000000002528      0x102 drivers/bootargs.o
 .debug_loc     0x000000000000262a       0xc9 drivers/device.o
 .debug_loc     0x00000000000026f3      0x421 drivers/tty.o
 .debug_loc     0x0000000000002b14      0x4e1 drivers/disk.o
 .debug_loc     0x0000000000002ff5      0x3ff drivers/metadev.o
 .debug_loc     0x00000000000033f4       0x7f proc/exception.o
 .debug_loc     0x0000000000003473       0xf1 proc/elf.o
 .debug_loc     0x0000000000003564      0x553 proc/process.o
 .debug_loc     0x0000000000003ab7      0x35b proc/syscall.o
 .debug_loc     0x0000000000003e12      0x333 vm/vm.o
 .debug_loc     0x0000000000004145      0x192 vm/pagepool.o
 .debug_loc     0x00000000000042d7       0x90 vm/tlb.o
 .debug_loc     0x0000000000004367      0xf06 fs/vfs.o
 .debug_loc     0x000000000000526d      0xb52 fs/tfs.o
 .debug_loc     0x0000000000005dbf       0xd5 fs/filesystems.o
 .debug_loc     0x0000000000005e94      0x5a4 net/network.o
 .debug_loc     0x0000000000006438       0x3f net/protocols.o
 .debug_loc     0x0000000000006477      0x180 net/socket.o
 .debug_loc     0x00000000000065f7      0x5a1 net/pop.o

.debug_pubnames
                0x0000000000000000      0xe6a
 .debug_pubnames
                0x0000000000000000       0x6b init/main.o
 .debug_pubnames
                0x000000000000006b       0x24 kernel/panic.o
 .debug_pubnames
                0x000000000000008f       0x7b kernel/kmalloc.o
 .debug_pubnames
                0x000000000000010a       0x66 kernel/interrupt.o
 .debug_pubnames
                0x0000000000000170      0x123 kernel/thread.o
 .debug_pubnames
                0x0000000000000293       0x91 kernel/scheduler.o
 .debug_pubnames
                0x0000000000000324       0x55 kernel/sleepq.o
 .debug_pubnames
                0x0000000000000379       0x70 kernel/semaphore.o
 .debug_pubnames
                0x00000000000003e9       0x2e kernel/exception.o
 .debug_pubnames
                0x0000000000000417       0x22 kernel/halt.o
 .debug_pubnames
                0x0000000000000439       0x43 kernel/lock_cond.o
 .debug_pubnames
                0x000000000000047c       0x72 lib/libc.o
 .debug_pubnames
                0x00000000000004ee       0x58 lib/xprintf.o
 .debug_pubnames
                0x0000000000000546       0x66 lib/bitmap.o
 .debug_pubnames
                0x00000000000005ac       0x1c lib/debug.o
 .debug_pubnames
                0x00000000000005c8       0x4b drivers/polltty.o
 .debug_pubnames
                0x0000000000000613       0x26 drivers/timer.o
 .debug_pubnames
                0x0000000000000639       0x35 drivers/bootargs.o
 .debug_pubnames
                0x000000000000066e       0x31 drivers/device.o
 .debug_pubnames
                0x000000000000069f       0x28 drivers/drivers.o
 .debug_pubnames
                0x00000000000006c7       0x38 drivers/tty.o
 .debug_pubnames
                0x00000000000006ff       0x20 drivers/disk.o
 .debug_pubnames
                0x000000000000071f       0x29 drivers/disksched.o
 .debug_pubnames
                0x0000000000000748       0xee drivers/metadev.o
 .debug_pubnames
                0x0000000000000836       0x2c proc/exception.o
 .debug_pubnames
                0x0000000000000862       0x27 proc/elf.o
 .debug_pubnames
                0x0000000000000889       0xcc proc/process.o
 .debug_pubnames
                0x0000000000000955       0x48 proc/syscall.o
 .debug_pubnames
                0x000000000000099d       0x78 vm/vm.o
 .debug_pubnames
                0x0000000000000a15       0x5b vm/pagepool.o
 .debug_pubnames
                0x0000000000000a70       0x69 vm/tlb.o
 .debug_pubnames
                0x0000000000000ad9       0xe0 fs/vfs.o
 .debug_pubnames
                0x0000000000000bb9       0x93 fs/tfs.o
 .debug_pubnames
                0x0000000000000c4c       0x2a fs/filesystems.o
 .debug_pubnames
                0x0000000000000c76       0xd8 net/network.o
 .debug_pubnames
                0x0000000000000d4e       0x5b net/protocols.o
 .debug_pubnames
                0x0000000000000da9       0x69 net/socket.o
 .debug_pubnames
                0x0000000000000e12       0x58 net/pop.o

.debug_aranges  0x0000000000000000      0x4a0
 .debug_aranges
                0x0000000000000000       0x20 init/main.o
 .debug_aranges
                0x0000000000000020       0x20 kernel/panic.o
 .debug_aranges
                0x0000000000000040       0x20 kernel/kmalloc.o
 .debug_aranges
                0x0000000000000060       0x20 kernel/interrupt.o
 .debug_aranges
                0x0000000000000080       0x20 kernel/thread.o
 .debug_aranges
                0x00000000000000a0       0x20 kernel/scheduler.o
 .debug_aranges
                0x00000000000000c0       0x20 kernel/sleepq.o
 .debug_aranges
                0x00000000000000e0       0x20 kernel/semaphore.o
 .debug_aranges
                0x0000000000000100       0x20 kernel/exception.o
 .debug_aranges
                0x0000000000000120       0x20 kernel/halt.o
 .debug_aranges
                0x0000000000000140       0x20 kernel/lock_cond.o
 .debug_aranges
                0x0000000000000160       0x20 lib/libc.o
 .debug_aranges
                0x0000000000000180       0x20 lib/xprintf.o
 .debug_aranges
                0x00000000000001a0       0x20 lib/bitmap.o
 .debug_aranges
                0x00000000000001c0       0x20 lib/debug.o
 .debug_aranges
                0x00000000000001e0       0x20 drivers/polltty.o
 .debug_aranges
                0x0000000000000200       0x20 drivers/timer.o
 .debug_aranges
                0x0000000000000220       0x20 drivers/bootargs.o
 .debug_aranges
                0x0000000000000240       0x20 drivers/device.o
 .debug_aranges
                0x0000000000000260       0x20 drivers/tty.o
 .debug_aranges
                0x0000000000000280       0x20 drivers/disk.o
 .debug_aranges
                0x00000000000002a0       0x20 drivers/disksched.o
 .debug_aranges
                0x00000000000002c0       0x20 drivers/metadev.o
 .debug_aranges
                0x00000000000002e0       0x20 proc/exception.o
 .debug_aranges
                0x0000000000000300       0x20 proc/elf.o
 .debug_aranges
                0x0000000000000320       0x20 proc/process.o
 .debug_aranges
                0x0000000000000340       0x20 proc/syscall.o
 .debug_aranges
                0x0000000000000360       0x20 vm/vm.o
 .debug_aranges
                0x0000000000000380       0x20 vm/pagepool.o
 .debug_aranges
                0x00000000000003a0       0x20 vm/tlb.o
 .debug_aranges
                0x00000000000003c0       0x20 fs/vfs.o
 .debug_aranges
                0x00000000000003e0       0x20 fs/tfs.o
 .debug_aranges
                0x0000000000000400       0x20 fs/filesystems.o
 .debug_aranges
                0x0000000000000420       0x20 net/network.o
 .debug_aranges
                0x0000000000000440       0x20 net/protocols.o
 .debug_aranges
                0x0000000000000460       0x20 net/socket.o
 .debug_aranges
                0x0000000000000480       0x20 net/pop.o

.debug_ranges   0x0000000000000000      0x1d8
 .debug_ranges  0x0000000000000000       0x20 init/main.o
 .debug_ranges  0x0000000000000020       0x18 kernel/thread.o
 .debug_ranges  0x0000000000000038       0x20 kernel/scheduler.o
 .debug_ranges  0x0000000000000058       0x20 lib/bitmap.o
 .debug_ranges  0x0000000000000078       0x18 lib/debug.o
 .debug_ranges  0x0000000000000090       0x18 drivers/bootargs.o
 .debug_ranges  0x00000000000000a8       0x30 drivers/tty.o
 .debug_ranges  0x00000000000000d8       0x38 proc/process.o
 .debug_ranges  0x0000000000000110       0x30 proc/syscall.o
 .debug_ranges  0x0000000000000140       0x20 fs/vfs.o
 .debug_ranges  0x0000000000000160       0x58 net/network.o
 .debug_ranges  0x00000000000001b8       0x20 net/socket.o

.debug_str      0x0000000000000000     0x1a81
 .debug_str     0x0000000000000000      0x16c init/main.o
                                        0x1c5 (size before relaxing)
 .debug_str     0x000000000000016c       0x2e kernel/panic.o
                                         0xcb (size before relaxing)
 .debug_str     0x000000000000019a       0xc1 kernel/kmalloc.o
                                        0x1ad (size before relaxing)
 .debug_str     0x000000000000025b       0xb7 kernel/interrupt.o
                                        0x1f9 (size before relaxing)
 .debug_str     0x0000000000000312      0x27b kernel/thread.o
                                        0x35f (size before relaxing)
 .debug_str     0x000000000000058d       0x9e kernel/scheduler.o
                                        0x328 (size before relaxing)
 .debug_str     0x000000000000062b       0x85 kernel/sleepq.o
                                        0x2d9 (size before relaxing)
 .debug_str     0x00000000000006b0       0x9e kernel/semaphore.o
                                        0x180 (size before relaxing)
 .debug_str     0x000000000000074e       0x67 kernel/exception.o
                                        0x131 (size before relaxing)
 .debug_str     0x00000000000007b5       0x1a kernel/halt.o
                                         0xb2 (size before relaxing)
 .debug_str     0x00000000000007cf       0x5b kernel/lock_cond.o
                                        0x105 (size before relaxing)
 .debug_str     0x000000000000082a       0x60 lib/libc.o
                                        0x121 (size before relaxing)
 .debug_str     0x000000000000088a       0x93 lib/xprintf.o
                                        0x189 (size before relaxing)
 .debug_str     0x000000000000091d       0x6e lib/bitmap.o
                                        0x115 (size before relaxing)
 .debug_str     0x000000000000098b       0x2d lib/debug.o
                                         0xdc (size before relaxing)
 .debug_str     0x00000000000009b8       0x69 drivers/polltty.o
                                        0x15a (size before relaxing)
 .debug_str     0x0000000000000a21       0x20 drivers/timer.o
                                         0xe6 (size before relaxing)
 .debug_str     0x0000000000000a41       0x77 drivers/bootargs.o
                                        0x123 (size before relaxing)
 .debug_str     0x0000000000000ab8       0x8b drivers/device.o
                                        0x1b3 (size before relaxing)
 .debug_str     0x0000000000000b43       0x12 drivers/drivers.o
                                        0x16b (size before relaxing)
 .debug_str     0x0000000000000b55       0xaa drivers/tty.o
                                        0x25e (size before relaxing)
 .debug_str     0x0000000000000bff      0x182 drivers/disk.o
                                        0x359 (size before relaxing)
 .debug_str     0x0000000000000d81       0x27 drivers/disksched.o
                                        0x18a (size before relaxing)
 .debug_str     0x0000000000000da8      0x131 drivers/metadev.o
                                        0x2bd (size before relaxing)
 .debug_str     0x0000000000000ed9       0x30 proc/exception.o
                                        0x244 (size before relaxing)
 .debug_str     0x0000000000000f09      0x193 proc/elf.o
                                        0x239 (size before relaxing)
 .debug_str     0x000000000000109c      0x108 proc/process.o
                                        0x3e3 (size before relaxing)
 .debug_str     0x00000000000011a4       0x44 proc/syscall.o
                                        0x1cc (size before relaxing)
 .debug_str     0x00000000000011e8       0x5f vm/vm.o
                                        0x18e (size before relaxing)
 .debug_str     0x0000000000001247       0xad vm/pagepool.o
                                        0x199 (size before relaxing)
 .debug_str     0x00000000000012f4       0x50 vm/tlb.o
                                        0x15e (size before relaxing)
 .debug_str     0x0000000000001344      0x1e2 fs/vfs.o
                                        0x467 (size before relaxing)
 .debug_str     0x0000000000001526       0xd2 fs/tfs.o
                                        0x39d (size before relaxing)
 .debug_str     0x00000000000015f8       0x48 fs/filesystems.o
                                        0x2d0 (size before relaxing)
 .debug_str     0x0000000000001640      0x200 net/network.o
                                        0x370 (size before relaxing)
 .debug_str     0x0000000000001840       0x61 net/protocols.o
                                        0x143 (size before relaxing)
 .debug_str     0x00000000000018a1       0xad net/socket.o
                                        0x1b9 (size before relaxing)
 .debug_str     0x000000000000194e      0x133 net/pop.o
                                        0x2ea (size before relaxing)

Cross Reference Table

Symbol                                            File
DEBUG                                             lib/debug.o
                                                  init/main.o
KERNEL_ENDS_HERE                                  kernel/kmalloc.o
_cswitch_switch                                   kernel/cswitch.o
_cswitch_to_userland                              kernel/cswitch.o
                                                  kernel/thread.o
_cswitch_vector_code                              kernel/cswitch.o
                                                  kernel/interrupt.o
_get_rand                                         lib/rand.o
                                                  kernel/scheduler.o
_idle_thread_wait_loop                            kernel/idle.o
                                                  kernel/thread.o
                                                  init/_boot.o
_interrupt_clear_EXL                              kernel/_interrupt.o
                                                  proc/exception.o
                                                  kernel/exception.o
_interrupt_clear_bootstrap                        kernel/_interrupt.o
                                                  init/main.o
                                                  init/_boot.o
_interrupt_clear_sw                               kernel/_interrupt.o
_interrupt_clear_sw0                              kernel/_interrupt.o
                                                  kernel/interrupt.o
_interrupt_clear_sw1                              kernel/_interrupt.o
_interrupt_disable                                kernel/_interrupt.o
                                                  vm/pagepool.o
                                                  proc/process.o
                                                  proc/exception.o
                                                  drivers/metadev.o
                                                  drivers/disk.o
                                                  drivers/tty.o
                                                  drivers/timer.o
                                                  lib/xprintf.o
                                                  kernel/exception.o
                                                  kernel/semaphore.o
                                                  kernel/sleepq.o
                                                  kernel/scheduler.o
                                                  kernel/thread.o
                                                  kernel/panic.o
_interrupt_enable                                 kernel/_interrupt.o
                                                  proc/exception.o
                                                  kernel/thread.o
                                                  init/main.o
                                                  init/_boot.o
_interrupt_generate_sw0                           kernel/_interrupt.o
                                                  kernel/thread.o
                                                  init/_boot.o
_interrupt_get_state                              kernel/_interrupt.o
                                                  kernel/sleepq.o
_interrupt_getcpu                                 kernel/_interrupt.o
                                                  drivers/metadev.o
                                                  kernel/scheduler.o
                                                  kernel/thread.o
                                                  kernel/interrupt.o
                                                  kernel/panic.o
_interrupt_set_EXL                                kernel/_interrupt.o
                                                  proc/exception.o
                                                  kernel/exception.o
_interrupt_set_state                              kernel/_interrupt.o
                                                  vm/pagepool.o
                                                  proc/process.o
                                                  drivers/metadev.o
                                                  drivers/disk.o
                                                  drivers/tty.o
                                                  drivers/timer.o
                                                  lib/xprintf.o
                                                  kernel/exception.o
                                                  kernel/semaphore.o
                                                  kernel/sleepq.o
                                                  kernel/scheduler.o
                                                  kernel/thread.o
_kernel_panic                                     kernel/panic.o
                                                  net/pop.o
                                                  net/socket.o
                                                  net/network.o
                                                  fs/vfs.o
                                                  vm/tlb.o
                                                  vm/pagepool.o
                                                  vm/vm.o
                                                  proc/syscall.o
                                                  proc/process.o
                                                  proc/exception.o
                                                  drivers/metadev.o
                                                  drivers/disk.o
                                                  drivers/tty.o
                                                  lib/bitmap.o
                                                  kernel/exception.o
                                                  kernel/semaphore.o
                                                  kernel/sleepq.o
                                                  kernel/scheduler.o
                                                  kernel/thread.o
                                                  kernel/interrupt.o
                                                  kernel/kmalloc.o
                                                  init/main.o
_set_rand_seed                                    lib/rand.o
                                                  init/main.o
_start                                            init/_boot.o
_timer_set_ticks                                  drivers/_timer.o
                                                  drivers/timer.o
_tlb_get_exception_state                          vm/_tlb.o
                                                  kernel/exception.o
_tlb_get_maxindex                                 vm/_tlb.o
                                                  vm/tlb.o
                                                  proc/process.o
_tlb_probe                                        vm/_tlb.o
_tlb_read                                         vm/_tlb.o
_tlb_set_asid                                     vm/_tlb.o
                                                  vm/tlb.o
_tlb_write                                        vm/_tlb.o
                                                  vm/tlb.o
_tlb_write_random                                 vm/_tlb.o
atoi                                              lib/libc.o
                                                  init/main.o
bitmap_findnset                                   lib/bitmap.o
                                                  fs/tfs.o
                                                  vm/pagepool.o
bitmap_get                                        lib/bitmap.o
                                                  fs/tfs.o
                                                  vm/pagepool.o
bitmap_init                                       lib/bitmap.o
                                                  vm/pagepool.o
bitmap_set                                        lib/bitmap.o
                                                  fs/tfs.o
                                                  vm/pagepool.o
bitmap_sizeof                                     lib/bitmap.o
                                                  vm/pagepool.o
bootargs_get                                      drivers/bootargs.o
                                                  lib/debug.o
                                                  init/main.o
bootargs_init                                     drivers/bootargs.o
                                                  init/main.o
cpustatus_count                                   drivers/metadev.o
                                                  init/main.o
cpustatus_generate_irq                            drivers/metadev.o
cpustatus_init                                    drivers/metadev.o
                                                  drivers/drivers.o
cpustatus_interrupt_handle                        drivers/metadev.o
device_get                                        drivers/device.o
                                                  net/network.o
                                                  fs/vfs.o
                                                  proc/syscall.o
                                                  init/main.o
device_init                                       drivers/device.o
                                                  init/main.o
disk_init                                         drivers/disk.o
                                                  drivers/drivers.o
disksched_schedule                                drivers/disksched.o
                                                  drivers/disk.o
drivers_available                                 drivers/drivers.o
                                                  drivers/device.o
elf_parse_header                                  proc/elf.o
                                                  proc/process.o
filesystems_try_all                               fs/filesystems.o
                                                  fs/vfs.o
halt_kernel                                       kernel/halt.o
                                                  proc/syscall.o
                                                  init/main.o
init                                              init/main.o
                                                  init/_boot.o
init_startup_fallback                             init/main.o
init_startup_thread                               init/main.o
interrupt_handle                                  kernel/interrupt.o
                                                  kernel/cswitch.o
interrupt_init                                    kernel/interrupt.o
                                                  init/main.o
interrupt_register                                kernel/interrupt.o
                                                  drivers/metadev.o
                                                  drivers/disk.o
                                                  drivers/tty.o
interrupt_stacks                                  kernel/interrupt.o
                                                  kernel/cswitch.o
kernel_bootstrap_finished                         init/main.o
                                                  init/_boot.o
kernel_exception_handle                           kernel/exception.o
                                                  kernel/cswitch.o
kmalloc                                           kernel/kmalloc.o
                                                  vm/pagepool.o
                                                  drivers/metadev.o
                                                  drivers/disk.o
                                                  drivers/tty.o
                                                  drivers/bootargs.o
                                                  kernel/interrupt.o
kmalloc_disable                                   kernel/kmalloc.o
                                                  vm/vm.o
kmalloc_get_numpages                              kernel/kmalloc.o
                                                  vm/pagepool.o
kmalloc_get_reserved_pages                        kernel/kmalloc.o
                                                  vm/pagepool.o
kmalloc_init                                      kernel/kmalloc.o
                                                  init/main.o
kprintf                                           lib/xprintf.o
                                                  net/network.o
                                                  fs/filesystems.o
                                                  fs/tfs.o
                                                  fs/vfs.o
                                                  vm/pagepool.o
                                                  vm/vm.o
                                                  drivers/metadev.o
                                                  drivers/disk.o
                                                  drivers/device.o
                                                  kernel/halt.o
                                                  kernel/exception.o
                                                  kernel/interrupt.o
                                                  kernel/kmalloc.o
                                                  kernel/panic.o
                                                  init/main.o
kprintf_slock                                     lib/xprintf.o
                                                  drivers/tty.o
kread                                             lib/libc.o
kvprintf                                          lib/xprintf.o
                                                  lib/debug.o
kwrite                                            lib/libc.o
                                                  init/main.o
lock_acquire                                      kernel/lock_cond.o
lock_release                                      kernel/lock_cond.o
lock_reset                                        kernel/lock_cond.o
memcopy                                           lib/libc.o
                                                  net/pop.o
                                                  net/network.o
                                                  fs/tfs.o
meminfo_get_pages                                 drivers/metadev.o
meminfo_init                                      drivers/metadev.o
                                                  drivers/drivers.o
memoryset                                         lib/libc.o
                                                  fs/tfs.o
                                                  proc/process.o
                                                  proc/elf.o
network_free_frame                                net/network.o
                                                  net/pop.o
network_get_broadcast_address                     net/network.o
network_get_loopback_address                      net/network.o
network_get_mtu                                   net/network.o
                                                  net/pop.o
network_get_source_address                        net/network.o
network_init                                      net/network.o
                                                  init/main.o
network_interfaces                                net/network.o
network_protocols                                 net/protocols.o
network_send                                      net/network.o
                                                  net/pop.o
open_sockets                                      net/pop.o
                                                  net/socket.o
open_sockets_sem                                  net/pop.o
                                                  net/socket.o
pagepool_free_phys_page                           vm/pagepool.o
                                                  net/network.o
                                                  fs/tfs.o
                                                  vm/vm.o
pagepool_get_phys_page                            vm/pagepool.o
                                                  net/pop.o
                                                  net/network.o
                                                  fs/tfs.o
                                                  vm/vm.o
                                                  proc/process.o
pagepool_init                                     vm/pagepool.o
                                                  vm/vm.o
polltty_getchar                                   drivers/polltty.o
                                                  lib/libc.o
polltty_init                                      drivers/polltty.o
                                                  init/main.o
polltty_putchar                                   drivers/polltty.o
                                                  lib/xprintf.o
                                                  lib/libc.o
pop_init                                          net/pop.o
                                                  net/protocols.o
pop_push_frame                                    net/pop.o
                                                  net/protocols.o
process_finish                                    proc/process.o
                                                  proc/syscall.o
process_free_entity                               proc/process.o
process_get_current_process                       proc/process.o
process_init                                      proc/process.o
                                                  init/main.o
process_join                                      proc/process.o
                                                  proc/syscall.o
process_run                                       proc/process.o
                                                  init/main.o
process_spawn                                     proc/process.o
                                                  proc/syscall.o
process_start                                     proc/process.o
protocols_get_frame_handler                       net/protocols.o
                                                  net/network.o
protocols_init                                    net/protocols.o
                                                  net/network.o
pspinlock                                         proc/process.o
ptable                                            proc/process.o
rtc_get_clockspeed                                drivers/metadev.o
rtc_get_msec                                      drivers/metadev.o
                                                  net/pop.o
rtc_init                                          drivers/metadev.o
                                                  drivers/drivers.o
scheduler_add_ready                               kernel/scheduler.o
                                                  kernel/thread.o
scheduler_add_to_ready_list                       kernel/scheduler.o
                                                  kernel/sleepq.o
scheduler_current_thread                          kernel/scheduler.o
                                                  kernel/thread.o
                                                  kernel/interrupt.o
                                                  kernel/cswitch.o
scheduler_init                                    kernel/scheduler.o
                                                  init/main.o
scheduler_schedule                                kernel/scheduler.o
                                                  kernel/interrupt.o
semaphore_P                                       kernel/semaphore.o
                                                  net/pop.o
                                                  net/socket.o
                                                  fs/tfs.o
                                                  fs/vfs.o
                                                  drivers/disk.o
semaphore_V                                       kernel/semaphore.o
                                                  net/pop.o
                                                  net/socket.o
                                                  fs/tfs.o
                                                  fs/vfs.o
                                                  drivers/disk.o
semaphore_create                                  kernel/semaphore.o
                                                  net/pop.o
                                                  net/socket.o
                                                  fs/tfs.o
                                                  fs/vfs.o
                                                  drivers/disk.o
semaphore_destroy                                 kernel/semaphore.o
                                                  net/socket.o
                                                  fs/tfs.o
                                                  drivers/disk.o
semaphore_init                                    kernel/semaphore.o
                                                  init/main.o
shutdown                                          drivers/metadev.o
                                                  kernel/halt.o
                                                  kernel/panic.o
shutdown_init                                     drivers/metadev.o
                                                  drivers/drivers.o
sleepq_add                                        kernel/sleepq.o
                                                  proc/process.o
                                                  drivers/tty.o
                                                  kernel/lock_cond.o
                                                  kernel/semaphore.o
sleepq_init                                       kernel/sleepq.o
                                                  init/main.o
sleepq_wake                                       kernel/sleepq.o
                                                  proc/process.o
                                                  kernel/lock_cond.o
                                                  kernel/semaphore.o
sleepq_wake_all                                   kernel/sleepq.o
                                                  drivers/tty.o
snprintf                                          lib/xprintf.o
                                                  init/main.o
socket_close                                      net/socket.o
socket_init                                       net/socket.o
                                                  net/network.o
socket_open                                       net/socket.o
socket_recvfrom                                   net/pop.o
socket_sendto                                     net/pop.o
spinlock_acquire                                  kernel/_spinlock.o
                                                  vm/pagepool.o
                                                  proc/process.o
                                                  drivers/metadev.o
                                                  drivers/disk.o
                                                  drivers/tty.o
                                                  lib/xprintf.o
                                                  kernel/semaphore.o
                                                  kernel/sleepq.o
                                                  kernel/scheduler.o
                                                  kernel/thread.o
spinlock_release                                  kernel/_spinlock.o
                                                  vm/pagepool.o
                                                  proc/process.o
                                                  drivers/metadev.o
                                                  drivers/disk.o
                                                  drivers/tty.o
                                                  lib/xprintf.o
                                                  kernel/semaphore.o
                                                  kernel/sleepq.o
                                                  kernel/scheduler.o
                                                  kernel/thread.o
spinlock_reset                                    kernel/_spinlock.o
                                                  vm/pagepool.o
                                                  proc/process.o
                                                  drivers/metadev.o
                                                  drivers/disk.o
                                                  drivers/tty.o
                                                  kernel/semaphore.o
                                                  kernel/sleepq.o
                                                  kernel/thread.o
stringcmp                                         lib/libc.o
                                                  fs/tfs.o
                                                  fs/vfs.o
stringcopy                                        lib/libc.o
                                                  fs/tfs.o
                                                  fs/vfs.o
                                                  proc/process.o
strlen                                            lib/libc.o
                                                  drivers/bootargs.o
syscall_handle                                    proc/syscall.o
                                                  proc/exception.o
syscall_read                                      proc/syscall.o
syscall_write                                     proc/syscall.o
tfs_close                                         fs/tfs.o
tfs_create                                        fs/tfs.o
tfs_getfree                                       fs/tfs.o
tfs_init                                          fs/tfs.o
                                                  fs/filesystems.o
tfs_open                                          fs/tfs.o
tfs_read                                          fs/tfs.o
tfs_remove                                        fs/tfs.o
tfs_unmount                                       fs/tfs.o
tfs_write                                         fs/tfs.o
thread_create                                     kernel/thread.o
                                                  net/pop.o
                                                  net/network.o
                                                  proc/process.o
                                                  init/main.o
thread_finish                                     kernel/thread.o
                                                  proc/process.o
thread_get_current_thread                         kernel/thread.o
                                                  proc/process.o
                                                  kernel/semaphore.o
                                                  kernel/sleepq.o
thread_get_current_thread_entry                   kernel/thread.o
                                                  proc/process.o
                                                  proc/exception.o
                                                  kernel/interrupt.o
thread_get_thread_entry                           kernel/thread.o
                                                  proc/process.o
thread_goto_userland                              kernel/thread.o
                                                  proc/process.o
thread_run                                        kernel/thread.o
                                                  net/pop.o
                                                  net/network.o
                                                  proc/process.o
                                                  init/main.o
thread_stack_areas                                kernel/thread.o
thread_switch                                     kernel/thread.o
                                                  proc/process.o
                                                  drivers/tty.o
                                                  kernel/lock_cond.o
                                                  kernel/semaphore.o
                                                  init/main.o
thread_table                                      kernel/sleepq.o
                                                  kernel/scheduler.o
                                                  kernel/thread.o
                                                  kernel/cswitch.o
thread_table_init                                 kernel/thread.o
                                                  init/main.o
thread_table_slock                                kernel/sleepq.o
                                                  kernel/scheduler.o
                                                  kernel/thread.o
timer_set_ticks                                   drivers/timer.o
                                                  kernel/scheduler.o
tlb_fill                                          vm/tlb.o
                                                  proc/process.o
                                                  kernel/interrupt.o
tlb_load_exception                                vm/tlb.o
tlb_modified_exception                            vm/tlb.o
tlb_store_exception                               vm/tlb.o
tty_init                                          drivers/tty.o
                                                  drivers/drivers.o
tty_interrupt_handle                              drivers/tty.o
user_exception_handle                             proc/exception.o
                                                  kernel/cswitch.o
vfs_close                                         fs/vfs.o
vfs_create                                        fs/vfs.o
vfs_deinit                                        fs/vfs.o
                                                  kernel/halt.o
vfs_getfree                                       fs/vfs.o
vfs_init                                          fs/vfs.o
                                                  init/main.o
vfs_mount                                         fs/vfs.o
vfs_mount_all                                     fs/vfs.o
                                                  init/main.o
vfs_mount_fs                                      fs/vfs.o
vfs_open                                          fs/vfs.o
                                                  proc/process.o
vfs_read                                          fs/vfs.o
                                                  proc/process.o
                                                  proc/elf.o
vfs_remove                                        fs/vfs.o
vfs_seek                                          fs/vfs.o
                                                  proc/process.o
                                                  proc/elf.o
vfs_unmount                                       fs/vfs.o
vfs_write                                         fs/vfs.o
vm_create_pagetable                               vm/vm.o
                                                  proc/process.o
vm_destroy_pagetable                              vm/vm.o
                                                  proc/process.o
vm_init                                           vm/vm.o
                                                  init/main.o
vm_map                                            vm/vm.o
                                                  proc/process.o
vm_set_dirty                                      vm/vm.o
                                                  proc/process.o
vm_unmap                                          vm/vm.o
vsnprintf                                         lib/xprintf.o
