
Allocating common symbols
Common symbol       size              file

heap                0x100             lib.o
free_list           0x4               lib.o

Discarded input sections

 .reginfo       0x0000000000000000       0x18 _syscall.o
 .reginfo       0x0000000000000000       0x18 lib.o
 .reginfo       0x0000000000000000       0x18 threads.o

Memory Configuration

Name             Origin             Length             Attributes
*default*        0x0000000000000000 0xffffffffffffffff

Linker script and memory map

                0x0000000000001000                . = 0x1000

ro_segment      0x0000000000001000     0x2660
 *(.text .rodata .rodata.*)
 .text          0x0000000000001000       0x24 crt.o
                0x0000000000001000                _start
                0x0000000000001018                __main
 .text          0x0000000000001024        0xc _syscall.o
                0x0000000000001024                _syscall
 .text          0x0000000000001030     0x22e0 lib.o
                0x0000000000001030                syscall_halt
                0x0000000000001070                syscall_exec
                0x00000000000010b8                syscall_execp
                0x0000000000001114                syscall_exit
                0x000000000000115c                syscall_join
                0x00000000000011a4                syscall_fork
                0x00000000000011f4                syscall_memlimit
                0x000000000000123c                syscall_open
                0x0000000000001284                syscall_close
                0x00000000000012cc                syscall_read
                0x0000000000001320                syscall_seek
                0x0000000000001370                syscall_write
                0x00000000000013c4                syscall_create
                0x0000000000001414                syscall_delete
                0x000000000000145c                strlen
                0x00000000000014c0                strcpy
                0x0000000000001554                strncpy
                0x0000000000001630                strcat
                0x000000000000168c                strncat
                0x0000000000001788                strcmp
                0x00000000000017d0                strncmp
                0x0000000000001940                putc
                0x0000000000001984                puts
                0x00000000000019d0                getc_raw
                0x0000000000001a10                getc
                0x0000000000001a64                gets
                0x0000000000001b18                readline
                0x0000000000002b0c                printf
                0x0000000000002b7c                snprintf
                0x0000000000002be4                heap_init
                0x0000000000002c34                malloc
                0x0000000000002e28                free
                0x0000000000003014                calloc
                0x00000000000030d4                realloc
                0x0000000000003200                atoi
 .rodata        0x0000000000003310      0x110 lib.o
 .text          0x0000000000003420      0x220 threads.o
                0x0000000000003420                countup
                0x000000000000355c                main
 .rodata        0x0000000000003640       0x20 threads.o

rw_segment      0x0000000000004000      0x130
 *(.data .bss COMMON)
 .data          0x0000000000004000        0x0 crt.o
 .bss           0x0000000000004000        0x0 crt.o
 .data          0x0000000000004000        0x0 _syscall.o
 .bss           0x0000000000004000        0x0 _syscall.o
 .data          0x0000000000004000        0x0 lib.o
 .bss           0x0000000000004000        0x0 lib.o
 COMMON         0x0000000000004000      0x104 lib.o
                0x0000000000004000                heap
                0x0000000000004100                free_list
 .data          0x0000000000004104        0x0 threads.o
 .bss           0x0000000000004104       0x2c threads.o
                0x0000000000004104                counter
                0x0000000000004108                thread_status
                0x0000000000004130                BINARY_ENDS_HERE = .
LOAD crt.o
LOAD _syscall.o
LOAD lib.o
LOAD threads.o
OUTPUT(threads elf32-bigmips)

.reginfo        0x0000000000000000       0x18
 .reginfo       0x0000000000000000       0x18 crt.o

.pdr            0x0000000000000000      0x580
 .pdr           0x0000000000000000       0x40 crt.o
 .pdr           0x0000000000000040       0x20 _syscall.o
 .pdr           0x0000000000000060      0x4e0 lib.o
 .pdr           0x0000000000000540       0x40 threads.o

.mdebug.abi32   0x0000000000000000        0x0
 .mdebug.abi32  0x0000000000000000        0x0 lib.o
 .mdebug.abi32  0x0000000000000000        0x0 threads.o

.comment        0x0000000000000000       0x11
 .comment       0x0000000000000000       0x11 lib.o
                                         0x12 (size before relaxing)
 .comment       0x0000000000000000       0x12 threads.o

Cross Reference Table

Symbol                                            File
__main                                            crt.o
_start                                            crt.o
_syscall                                          _syscall.o
                                                  lib.o
atoi                                              lib.o
calloc                                            lib.o
counter                                           threads.o
countup                                           threads.o
free                                              lib.o
free_list                                         lib.o
getc                                              lib.o
getc_raw                                          lib.o
gets                                              lib.o
heap                                              lib.o
heap_init                                         lib.o
main                                              threads.o
                                                  crt.o
malloc                                            lib.o
printf                                            lib.o
                                                  threads.o
putc                                              lib.o
puts                                              lib.o
readline                                          lib.o
realloc                                           lib.o
snprintf                                          lib.o
strcat                                            lib.o
strcmp                                            lib.o
strcpy                                            lib.o
strlen                                            lib.o
strncat                                           lib.o
strncmp                                           lib.o
strncpy                                           lib.o
syscall_close                                     lib.o
syscall_create                                    lib.o
syscall_delete                                    lib.o
syscall_exec                                      lib.o
syscall_execp                                     lib.o
syscall_exit                                      lib.o
                                                  threads.o
syscall_fork                                      lib.o
                                                  threads.o
syscall_halt                                      lib.o
syscall_join                                      lib.o
syscall_memlimit                                  lib.o
syscall_open                                      lib.o
syscall_read                                      lib.o
syscall_seek                                      lib.o
syscall_write                                     lib.o
thread_status                                     threads.o
